<html>
<body>
<pre>
<h1>�Vision Build Log</h1>
<h2>Tool Versions:</h2>
IDE-Version: ��Vision V5.39.0.0
Copyright (C) 2023 ARM Ltd and ARM Germany GmbH. All rights reserved.
License Information: yuan zhihang, 1, LIC=76F5U-SUWDK-UHM8H-WU9IS-EMB3M-K699E
 
Tool Versions:
Toolchain:       MDK-ARM Plus  Version: 5.39.0.0
Toolchain Path:  D:\Keil\Keil_MDK\ARM\ARM_Compiler_5.06u7\Bin
C Compiler:      Armcc.exe V5.06 update 7 (build 960)
Assembler:       Armasm.exe V5.06 update 7 (build 960)
Linker/Locator:  ArmLink.exe V5.06 update 7 (build 960)
Library Manager: ArmAr.exe V5.06 update 7 (build 960)
Hex Converter:   FromElf.exe V5.06 update 7 (build 960)
CPU DLL:         SARMCM3.DLL V5.39.0.0
Dialog DLL:      DARMSTM.DLL V1.69.1.0
Target DLL:      STLink\ST-LINKIII-KEIL_SWO.dll V3.2.0.0
Dialog DLL:      TCM.DLL V1.56.4.0
 
<h2>Project:</h2>
D:\Embedded developemnt\stm32\32work_space\test_room\FreeRTOS���м�\Project.uvprojx
Project File Date:  11/04/2024

<h2>Output:</h2>
*** Using Compiler 'V5.06 update 7 (build 960)', folder: 'D:\Keil\Keil_MDK\ARM\ARM_Compiler_5.06u7\Bin'
Build target 'Target 1'
compiling freertos_demo.c...
Hardware\freertos_demo.h(9): warning:  #1-D: last line of file ends without a newline
  #endif
Hardware\freertos_demo.c(45): warning:  #870-D: invalid multibyte character sequence
  char buf[100] = "这是一个大数组�?12345n";
Hardware\freertos_demo.c(71): warning:  #870-D: invalid multibyte character sequence
  			printf("创建queue_key队列成功�? \r\n");
Hardware\freertos_demo.c(77): warning:  #870-D: invalid multibyte character sequence
  			printf("创建semphr_handle队列成功�? \r\n");
Hardware\freertos_demo.c(117): warning:  #870-D: invalid multibyte character sequence
  							printf("queue_key写入队列成功�? \r\n");
Hardware\freertos_demo.c(132): warning:  #111-D: statement is unreachable
  	 vTaskDelay(10);
Hardware\freertos_demo.c(137): warning:  #177-D: variable "rev"  was declared but never referenced
  	  BaseType_t rev = 0;
Hardware\freertos_demo.c: 7 warnings, 0 errors
linking...
Program Size: Code=11192 RO-data=268 RW-data=172 ZI-data=18676  
FromELF: creating hex file...
".\Objects\Project.axf" - 0 Error(s), 7 Warning(s).

<h2>Software Packages used:</h2>

Package Vendor: Keil
                https://www.keil.com/pack/Keil.STM32F1xx_DFP.2.4.1.pack
                Keil::STM32F1xx_DFP@2.4.1
                STMicroelectronics STM32F1 Series Device Support, Drivers and Examples

<h2>Collection of Component include folders:</h2>
  D:/Keil/Keil_MDK/ARM/Packs/Keil/STM32F1xx_DFP/2.4.1/Device/Include

<h2>Collection of Component Files used:</h2>
Build Time Elapsed:  00:00:01
</pre>
</body>
</html>
