<html>
<body>
<pre>
<h1>µVision Build Log</h1>
<h2>Tool Versions:</h2>
IDE-Version: ¦ÌVision V5.39.0.0
Copyright (C) 2023 ARM Ltd and ARM Germany GmbH. All rights reserved.
License Information: yuan zhihang, 1, LIC=76F5U-SUWDK-UHM8H-WU9IS-EMB3M-K699E
 
Tool Versions:
Toolchain:       MDK-ARM Plus  Version: 5.39.0.0
Toolchain Path:  D:\Keil\Keil_MDK\ARM\ARM_Compiler_5.06u7\Bin
C Compiler:      Armcc.exe V5.06 update 7 (build 960)
Assembler:       Armasm.exe V5.06 update 7 (build 960)
Linker/Locator:  ArmLink.exe V5.06 update 7 (build 960)
Library Manager: ArmAr.exe V5.06 update 7 (build 960)
Hex Converter:   FromElf.exe V5.06 update 7 (build 960)
CPU DLL:         SARMCM3.DLL V5.39.0.0
Dialog DLL:      DARMSTM.DLL V1.69.1.0
Target DLL:      STLink\ST-LINKIII-KEIL_SWO.dll V3.2.0.0
Dialog DLL:      TCM.DLL V1.56.4.0
 
<h2>Project:</h2>
D:\Embedded developemnt\stm32\32work_space\test_room\FreeRTOSÈí¼þ¶¨Ê±Æ÷\FreeRTOSÈí¼þ¶¨Ê±Æ÷.uvprojx
Project File Date:  11/04/2024

<h2>Output:</h2>
*** Using Compiler 'V5.06 update 7 (build 960)', folder: 'D:\Keil\Keil_MDK\ARM\ARM_Compiler_5.06u7\Bin'
Build target 'Target 1'
compiling freertos_demo.c...
Hardware\freertos_demo.h(9): warning:  #1-D: last line of file ends without a newline
  #endif
Hardware\freertos_demo.c(97): warning:  #870-D: invalid multibyte character sequence
  	  printf("Swtmr1_Callbackå‡½æ•°æ‰§è¡Œ %d æ¬? \r\n",TmrCb_Count1);
Hardware\freertos_demo.c(98): warning:  #870-D: invalid multibyte character sequence
  	  printf("æ»´ç­”å®šæ—¶å™¨æ•°å€?=%d \r\n",tick_num1);
Hardware\freertos_demo.c(106): warning:  #870-D: invalid multibyte character sequence
  	  printf("Swtmr2_Callbackå‡½æ•°æ‰§è¡Œ %d æ¬? \r\n",TmrCb_Count2);
Hardware\freertos_demo.c(107): warning:  #870-D: invalid multibyte character sequence
  	  printf("æ»´ç­”å®šæ—¶å™¨æ•°å€?=%d \r\n",tick_num2);
Hardware\freertos_demo.c: 5 warnings, 0 errors
linking...
Program Size: Code=10852 RO-data=268 RW-data=168 ZI-data=18672  
FromELF: creating hex file...
".\Objects\Project.axf" - 0 Error(s), 5 Warning(s).

<h2>Software Packages used:</h2>

Package Vendor: Keil
                https://www.keil.com/pack/Keil.STM32F1xx_DFP.2.4.1.pack
                Keil::STM32F1xx_DFP@2.4.1
                STMicroelectronics STM32F1 Series Device Support, Drivers and Examples

<h2>Collection of Component include folders:</h2>
  D:/Keil/Keil_MDK/ARM/Packs/Keil/STM32F1xx_DFP/2.4.1/Device/Include

<h2>Collection of Component Files used:</h2>
Build Time Elapsed:  00:00:00
</pre>
</body>
</html>
